// Jest Snapshot v1, https://goo.gl/fbAQLP

exports[`자유게시판 목록 페이지 Unit Test 게시판 목록 페이지 스냅샷 테스트 1`] = `
<div>
  <div
    class="css-1ol1jm3"
  >
    <div
      class="css-ztv6jj"
    >
      <h1
        class="css-pd6ube"
      >
        자유게시판
      </h1>
      <div
        class="css-1g59mep"
      >
        <div
          class="css-1lwxz1p"
        >
          <div
            class="css-1kfaxq7"
          >
            번호
          </div>
          <div
            class="css-1paygf6"
          >
            제목
          </div>
          <div
            class="css-18nwc06"
          >
            작성자
          </div>
        </div>
        <a
          class="css-vuwrb"
          href="/free-boards/ih2dfdf2"
        >
          <div
            class="css-1kfaxq7"
          >
            5
          </div>
          <div
            class="css-1paygf6"
          >
            한글오라와와와와와와와와와와와와와와와와
          </div>
          <div
            class="css-18nwc06"
          >
            한글이름입니다앙
          </div>
        </a>
        <a
          class="css-vuwrb"
          href="/free-boards/nrfdhd89"
        >
          <div
            class="css-1kfaxq7"
          >
            4
          </div>
          <div
            class="css-1paygf6"
          >
            한글오라와와와와와와와와와와와와와와와와
          </div>
          <div
            class="css-18nwc06"
          >
            한글이름입니다앙
          </div>
        </a>
        <a
          class="css-vuwrb"
          href="/free-boards/hkjjhkec4t"
        >
          <div
            class="css-1kfaxq7"
          >
            3
          </div>
          <div
            class="css-1paygf6"
          >
            한글오라와와와와와와와와와와와와와와와와
          </div>
          <div
            class="css-18nwc06"
          >
            한글이름입니다앙
          </div>
        </a>
        <a
          class="css-vuwrb"
          href="/free-boards/sdfdsfsjhhj"
        >
          <div
            class="css-1kfaxq7"
          >
            2
          </div>
          <div
            class="css-1paygf6"
          >
            한글오라와와와와와와와와와와와와와와와와
          </div>
          <div
            class="css-18nwc06"
          >
            한글이름입니다앙
          </div>
        </a>
        <a
          class="css-vuwrb"
          href="/free-boards/ikfnsidfods"
        >
          <div
            class="css-1kfaxq7"
          >
            1
          </div>
          <div
            class="css-1paygf6"
          >
            한글오라와와와와와와와와와와와와와와와와
          </div>
          <div
            class="css-18nwc06"
          >
            한글이름입니다앙
          </div>
        </a>
      </div>
      <div
        class="css-yyp757"
      >
        <a
          class="css-14p1hea"
          href="/free-boards/new"
        >
          게시글 작성
        </a>
      </div>
      <div
        class="css-1yqh4in"
      >
        <button
          class="css-g6di9l"
        >
          이전 페이지
        </button>
        <button
          class="css-g6di9l"
        >
          다음 페이지
        </button>
      </div>
    </div>
  </div>
</div>
`;
